<html>

<head>
    <title>Bar</title>
</head>

<body>
    <p>Post about Bar</p>
</body>

</html>