<html>

<head>
    <title>Foo</title>
</head>

<body>
    <p>Post about Foo</p>
</body>

</html>